[06:48:09] sweep: sides=[15, 22, 32] seeds=[30, 31, 32, 33, 34, 35, 36, 37, 38, 39, 40, 41] maxr=40000 -> 432 run cells (0 already done, resuming)
[06:48:11] side=15 seed=30: built in 1.3s (edges flat=420 curved=421)
[06:48:11]   side=15 seed=30 flat     heat    eps3=689 eps6=1826
[06:48:11]   side=15 seed=30 flat     pushsum eps3=407 eps6=1132
[06:48:11]   side=15 seed=30 flat     gossip  eps3=420 eps6=1182
[06:48:11]   side=15 seed=30 curved   heat    eps3=89 eps6=203
[06:48:11]   side=15 seed=30 curved   pushsum eps3=68 eps6=149
[06:48:11]   side=15 seed=30 curved   gossip  eps3=1668 eps6=3992
[06:48:11]   side=15 seed=30 shuffled heat    eps3=70 eps6=169
[06:48:11]   side=15 seed=30 shuffled pushsum eps3=64 eps6=147
[06:48:11]   side=15 seed=30 shuffled gossip  eps3=1591 eps6=3914
[06:48:11]   side=15 seed=30 rreg4    heat    eps3=59 eps6=139
[06:48:11]   side=15 seed=30 rreg4    pushsum eps3=36 eps6=85
[06:48:11]   side=15 seed=30 rreg4    gossip  eps3=36 eps6=85
[06:48:13] side=15 seed=31: built in 1.36s (edges flat=420 curved=420)
[06:48:13]   side=15 seed=31 flat     heat    eps3=573 eps6=1710
[06:48:13]   side=15 seed=31 flat     pushsum eps3=407 eps6=1132
[06:48:13]   side=15 seed=31 flat     gossip  eps3=424 eps6=1186
[06:48:13]   side=15 seed=31 curved   heat    eps3=87 eps6=228
[06:48:13]   side=15 seed=31 curved   pushsum eps3=68 eps6=181
[06:48:13]   side=15 seed=31 curved   gossip  eps3=1000 eps6=2881
[06:48:13]   side=15 seed=31 shuffled heat    eps3=62 eps6=145
[06:48:13]   side=15 seed=31 shuffled pushsum eps3=53 eps6=120
[06:48:13]   side=15 seed=31 shuffled gossip  eps3=1276 eps6=3195
[06:48:13]   side=15 seed=31 rreg4    heat    eps3=61 eps6=151
[06:48:13]   side=15 seed=31 rreg4    pushsum eps3=37 eps6=92
[06:48:13]   side=15 seed=31 rreg4    gossip  eps3=37 eps6=92
[06:48:15] side=15 seed=32: built in 1.28s (edges flat=420 curved=420)
[06:48:15]   side=15 seed=32 flat     heat    eps3=656 eps6=1793
[06:48:15]   side=15 seed=32 flat     pushsum eps3=440 eps6=1165
[06:48:15]   side=15 seed=32 flat     gossip  eps3=460 eps6=1222
[06:48:15]   side=15 seed=32 curved   heat    eps3=80 eps6=186
[06:48:15]   side=15 seed=32 curved   pushsum eps3=63 eps6=143
[06:48:15]   side=15 seed=32 curved   gossip  eps3=661 eps6=1540
[06:48:15]   side=15 seed=32 shuffled heat    eps3=137 eps6=344
[06:48:15]   side=15 seed=32 shuffled pushsum eps3=129 eps6=294
[06:48:15]   side=15 seed=32 shuffled gossip  eps3=284 eps6=690
[06:48:15]   side=15 seed=32 rreg4    heat    eps3=61 eps6=155
[06:48:15]   side=15 seed=32 rreg4    pushsum eps3=37 eps6=95
[06:48:15]   side=15 seed=32 rreg4    gossip  eps3=37 eps6=95
[06:48:16] side=15 seed=33: built in 1.28s (edges flat=420 curved=420)
[06:48:17]   side=15 seed=33 flat     heat    eps3=670 eps6=1807
[06:48:17]   side=15 seed=33 flat     pushsum eps3=431 eps6=1156
[06:48:17]   side=15 seed=33 flat     gossip  eps3=451 eps6=1212
[06:48:17]   side=15 seed=33 curved   heat    eps3=88 eps6=216
[06:48:17]   side=15 seed=33 curved   pushsum eps3=79 eps6=183
[06:48:17]   side=15 seed=33 curved   gossip  eps3=493 eps6=1259
[06:48:17]   side=15 seed=33 shuffled heat    eps3=97 eps6=235
[06:48:17]   side=15 seed=33 shuffled pushsum eps3=82 eps6=192
[06:48:17]   side=15 seed=33 shuffled gossip  eps3=511 eps6=1288
[06:48:17]   side=15 seed=33 rreg4    heat    eps3=51 eps6=144
[06:48:17]   side=15 seed=33 rreg4    pushsum eps3=31 eps6=89
[06:48:17]   side=15 seed=33 rreg4    gossip  eps3=31 eps6=89
[06:48:18] side=15 seed=34: built in 1.37s (edges flat=420 curved=420)
[06:48:18]   side=15 seed=34 flat     heat    eps3=846 eps6=1983
[06:48:18]   side=15 seed=34 flat     pushsum eps3=536 eps6=1261
[06:48:18]   side=15 seed=34 flat     gossip  eps3=560 eps6=1322
[06:48:19]   side=15 seed=34 curved   heat    eps3=75 eps6=179
[06:48:19]   side=15 seed=34 curved   pushsum eps3=66 eps6=149
[06:48:19]   side=15 seed=34 curved   gossip  eps3=1238 eps6=3171
[06:48:19]   side=15 seed=34 shuffled heat    eps3=50 eps6=122
[06:48:19]   side=15 seed=34 shuffled pushsum eps3=42 eps6=97
[06:48:19]   side=15 seed=34 shuffled gossip  eps3=853 eps6=2136
[06:48:19]   side=15 seed=34 rreg4    heat    eps3=60 eps6=142
[06:48:19]   side=15 seed=34 rreg4    pushsum eps3=37 eps6=87
[06:48:19]   side=15 seed=34 rreg4    gossip  eps3=37 eps6=87
[06:48:20] side=15 seed=35: built in 1.63s (edges flat=420 curved=421)
[06:48:21]   side=15 seed=35 flat     heat    eps3=744 eps6=1882
[06:48:21]   side=15 seed=35 flat     pushsum eps3=482 eps6=1207
[06:48:21]   side=15 seed=35 flat     gossip  eps3=504 eps6=1266
[06:48:21]   side=15 seed=35 curved   heat    eps3=67 eps6=165
[06:48:21]   side=15 seed=35 curved   pushsum eps3=62 eps6=144
[06:48:21]   side=15 seed=35 curved   gossip  eps3=1624 eps6=4113
[06:48:21]   side=15 seed=35 shuffled heat    eps3=121 eps6=303
[06:48:21]   side=15 seed=35 shuffled pushsum eps3=101 eps6=248
[06:48:21]   side=15 seed=35 shuffled gossip  eps3=1136 eps6=2789
[06:48:21]   side=15 seed=35 rreg4    heat    eps3=54 eps6=134
[06:48:21]   side=15 seed=35 rreg4    pushsum eps3=33 eps6=82
[06:48:21]   side=15 seed=35 rreg4    gossip  eps3=33 eps6=82
[06:48:23] side=15 seed=36: built in 1.38s (edges flat=420 curved=420)
[06:48:23]   side=15 seed=36 flat     heat    eps3=702 eps6=1839
[06:48:23]   side=15 seed=36 flat     pushsum eps3=439 eps6=1164
[06:48:23]   side=15 seed=36 flat     gossip  eps3=458 eps6=1219
[06:48:23]   side=15 seed=36 curved   heat    eps3=63 eps6=163
[06:48:23]   side=15 seed=36 curved   pushsum eps3=59 eps6=139
[06:48:23]   side=15 seed=36 curved   gossip  eps3=1172 eps6=3287
[06:48:23]   side=15 seed=36 shuffled heat    eps3=73 eps6=170
[06:48:23]   side=15 seed=36 shuffled pushsum eps3=61 eps6=136
[06:48:23]   side=15 seed=36 shuffled gossip  eps3=1005 eps6=2424
[06:48:23]   side=15 seed=36 rreg4    heat    eps3=59 eps6=144
[06:48:23]   side=15 seed=36 rreg4    pushsum eps3=36 eps6=88
[06:48:23]   side=15 seed=36 rreg4    gossip  eps3=36 eps6=88
[06:48:24] side=15 seed=37: built in 1.38s (edges flat=420 curved=420)
[06:48:25]   side=15 seed=37 flat     heat    eps3=730 eps6=1868
[06:48:25]   side=15 seed=37 flat     pushsum eps3=469 eps6=1194
[06:48:25]   side=15 seed=37 flat     gossip  eps3=490 eps6=1252
[06:48:25]   side=15 seed=37 curved   heat    eps3=76 eps6=183
[06:48:25]   side=15 seed=37 curved   pushsum eps3=60 eps6=142
[06:48:25]   side=15 seed=37 curved   gossip  eps3=1601 eps6=4013
[06:48:25]   side=15 seed=37 shuffled heat    eps3=84 eps6=208
[06:48:25]   side=15 seed=37 shuffled pushsum eps3=72 eps6=167
[06:48:25]   side=15 seed=37 shuffled gossip  eps3=667 eps6=2198
[06:48:25]   side=15 seed=37 rreg4    heat    eps3=61 eps6=157
[06:48:25]   side=15 seed=37 rreg4    pushsum eps3=38 eps6=96
[06:48:25]   side=15 seed=37 rreg4    gossip  eps3=38 eps6=96
[06:48:26] side=15 seed=38: built in 1.31s (edges flat=420 curved=421)
[06:48:26]   side=15 seed=38 flat     heat    eps3=835 eps6=1973
[06:48:26]   side=15 seed=38 flat     pushsum eps3=533 eps6=1258
[06:48:26]   side=15 seed=38 flat     gossip  eps3=558 eps6=1319
[06:48:27]   side=15 seed=38 curved   heat    eps3=84 eps6=200
[06:48:27]   side=15 seed=38 curved   pushsum eps3=70 eps6=161
[06:48:27]   side=15 seed=38 curved   gossip  eps3=770 eps6=2537
[06:48:27]   side=15 seed=38 shuffled heat    eps3=61 eps6=156
[06:48:27]   side=15 seed=38 shuffled pushsum eps3=55 eps6=139
[06:48:27]   side=15 seed=38 shuffled gossip  eps3=728 eps6=1911
[06:48:27]   side=15 seed=38 rreg4    heat    eps3=56 eps6=141
[06:48:27]   side=15 seed=38 rreg4    pushsum eps3=34 eps6=86
[06:48:27]   side=15 seed=38 rreg4    gossip  eps3=34 eps6=86
[06:48:28] side=15 seed=39: built in 1.25s (edges flat=420 curved=421)
[06:48:28]   side=15 seed=39 flat     heat    eps3=616 eps6=1753
[06:48:28]   side=15 seed=39 flat     pushsum eps3=371 eps6=1096
[06:48:28]   side=15 seed=39 flat     gossip  eps3=386 eps6=1148
[06:48:28]   side=15 seed=39 curved   heat    eps3=69 eps6=162
[06:48:28]   side=15 seed=39 curved   pushsum eps3=50 eps6=112
[06:48:28]   side=15 seed=39 curved   gossip  eps3=617 eps6=1850
[06:48:28]   side=15 seed=39 shuffled heat    eps3=68 eps6=167
[06:48:28]   side=15 seed=39 shuffled pushsum eps3=54 eps6=125
[06:48:28]   side=15 seed=39 shuffled gossip  eps3=468 eps6=1101
[06:48:29]   side=15 seed=39 rreg4    heat    eps3=52 eps6=132
[06:48:29]   side=15 seed=39 rreg4    pushsum eps3=32 eps6=81
[06:48:29]   side=15 seed=39 rreg4    gossip  eps3=32 eps6=81
[06:48:30] side=15 seed=40: built in 1.32s (edges flat=420 curved=421)
[06:48:30]   side=15 seed=40 flat     heat    eps3=701 eps6=1838
[06:48:30]   side=15 seed=40 flat     pushsum eps3=453 eps6=1178
[06:48:30]   side=15 seed=40 flat     gossip  eps3=473 eps6=1235
[06:48:30]   side=15 seed=40 curved   heat    eps3=159 eps6=393
[06:48:30]   side=15 seed=40 curved   pushsum eps3=141 eps6=327
[06:48:30]   side=15 seed=40 curved   gossip  eps3=599 eps6=1699
[06:48:30]   side=15 seed=40 shuffled heat    eps3=63 eps6=168
[06:48:30]   side=15 seed=40 shuffled pushsum eps3=54 eps6=136
[06:48:30]   side=15 seed=40 shuffled gossip  eps3=428 eps6=1258
[06:48:30]   side=15 seed=40 rreg4    heat    eps3=51 eps6=135
[06:48:30]   side=15 seed=40 rreg4    pushsum eps3=31 eps6=82
[06:48:30]   side=15 seed=40 rreg4    gossip  eps3=31 eps6=82
[06:48:31] side=15 seed=41: built in 1.11s (edges flat=420 curved=420)
[06:48:32]   side=15 seed=41 flat     heat    eps3=770 eps6=1907
[06:48:32]   side=15 seed=41 flat     pushsum eps3=498 eps6=1223
[06:48:32]   side=15 seed=41 flat     gossip  eps3=521 eps6=1283
[06:48:32]   side=15 seed=41 curved   heat    eps3=66 eps6=166
[06:48:32]   side=15 seed=41 curved   pushsum eps3=61 eps6=144
[06:48:32]   side=15 seed=41 curved   gossip  eps3=1629 eps6=4168
[06:48:32]   side=15 seed=41 shuffled heat    eps3=78 eps6=206
[06:48:32]   side=15 seed=41 shuffled pushsum eps3=66 eps6=169
[06:48:32]   side=15 seed=41 shuffled gossip  eps3=1109 eps6=2815
[06:48:32]   side=15 seed=41 rreg4    heat    eps3=67 eps6=158
[06:48:32]   side=15 seed=41 rreg4    pushsum eps3=41 eps6=97
[06:48:32]   side=15 seed=41 rreg4    gossip  eps3=41 eps6=97
[06:48:37] side=22 seed=30: built in 5.11s (edges flat=924 curved=924)
[06:48:37]   side=22 seed=30 flat     heat    eps3=1530 eps6=4059
[06:48:37]   side=22 seed=30 flat     pushsum eps3=969 eps6=2571
[06:48:37]   side=22 seed=30 flat     gossip  eps3=998 eps6=2654
[06:48:38]   side=22 seed=30 curved   heat    eps3=103 eps6=254
[06:48:38]   side=22 seed=30 curved   pushsum eps3=71 eps6=170
[06:48:38]   side=22 seed=30 curved   gossip  eps3=1807 eps6=4508
[06:48:38]   side=22 seed=30 shuffled heat    eps3=75 eps6=204
[06:48:38]   side=22 seed=30 shuffled pushsum eps3=68 eps6=152
[06:48:38]   side=22 seed=30 shuffled gossip  eps3=1897 eps6=4592
[06:48:38]   side=22 seed=30 rreg4    heat    eps3=62 eps6=153
[06:48:38]   side=22 seed=30 rreg4    pushsum eps3=38 eps6=94
[06:48:38]   side=22 seed=30 rreg4    gossip  eps3=38 eps6=94
[06:48:44] side=22 seed=31: built in 6.45s (edges flat=924 curved=924)
[06:48:45]   side=22 seed=31 flat     heat    eps3=1054 eps6=3582
[06:48:45]   side=22 seed=31 flat     pushsum eps3=623 eps6=2221
[06:48:45]   side=22 seed=31 flat     gossip  eps3=644 eps6=2297
[06:48:45]   side=22 seed=31 curved   heat    eps3=94 eps6=268
[06:48:45]   side=22 seed=31 curved   pushsum eps3=99 eps6=244
[06:48:45]   side=22 seed=31 curved   gossip  eps3=2029 eps6=5480
[06:48:45]   side=22 seed=31 shuffled heat    eps3=91 eps6=231
[06:48:45]   side=22 seed=31 shuffled pushsum eps3=78 eps6=186
[06:48:45]   side=22 seed=31 shuffled gossip  eps3=686 eps6=2523
[06:48:45]   side=22 seed=31 rreg4    heat    eps3=59 eps6=144
[06:48:45]   side=22 seed=31 rreg4    pushsum eps3=36 eps6=88
[06:48:45]   side=22 seed=31 rreg4    gossip  eps3=36 eps6=88
[06:48:52] side=22 seed=32: built in 6.15s (edges flat=924 curved=924)
[06:48:52]   side=22 seed=32 flat     heat    eps3=1636 eps6=4164
[06:48:52]   side=22 seed=32 flat     pushsum eps3=1029 eps6=2630
[06:48:52]   side=22 seed=32 flat     gossip  eps3=1058 eps6=2714
[06:48:52]   side=22 seed=32 curved   heat    eps3=85 eps6=202
[06:48:52]   side=22 seed=32 curved   pushsum eps3=69 eps6=152
[06:48:52]   side=22 seed=32 curved   gossip  eps3=3580 eps6=8467
[06:48:52]   side=22 seed=32 shuffled heat    eps3=80 eps6=234
[06:48:52]   side=22 seed=32 shuffled pushsum eps3=76 eps6=201
[06:48:52]   side=22 seed=32 shuffled gossip  eps3=3085 eps6=9350
[06:48:53]   side=22 seed=32 rreg4    heat    eps3=54 eps6=133
[06:48:53]   side=22 seed=32 rreg4    pushsum eps3=33 eps6=81
[06:48:53]   side=22 seed=32 rreg4    gossip  eps3=33 eps6=81
[06:48:59] side=22 seed=33: built in 6.03s (edges flat=924 curved=926)
[06:48:59]   side=22 seed=33 flat     heat    eps3=1606 eps6=4135
[06:48:59]   side=22 seed=33 flat     pushsum eps3=1049 eps6=2650
[06:48:59]   side=22 seed=33 flat     gossip  eps3=1081 eps6=2737
[06:48:59]   side=22 seed=33 curved   heat    eps3=109 eps6=280
[06:48:59]   side=22 seed=33 curved   pushsum eps3=86 eps6=208
[06:48:59]   side=22 seed=33 curved   gossip  eps3=1263 eps6=3317
[06:48:59]   side=22 seed=33 shuffled heat    eps3=76 eps6=212
[06:48:59]   side=22 seed=33 shuffled pushsum eps3=84 eps6=199
[06:48:59]   side=22 seed=33 shuffled gossip  eps3=793 eps6=2394
[06:48:59]   side=22 seed=33 rreg4    heat    eps3=58 eps6=144
[06:48:59]   side=22 seed=33 rreg4    pushsum eps3=36 eps6=88
[06:48:59]   side=22 seed=33 rreg4    gossip  eps3=36 eps6=88
[06:49:06] side=22 seed=34: built in 6.77s (edges flat=924 curved=926)
[06:49:06]   side=22 seed=34 flat     heat    eps3=1258 eps6=3787
[06:49:06]   side=22 seed=34 flat     pushsum eps3=845 eps6=2446
[06:49:06]   side=22 seed=34 flat     gossip  eps3=870 eps6=2526
[06:49:07]   side=22 seed=34 curved   heat    eps3=105 eps6=286
[06:49:07]   side=22 seed=34 curved   pushsum eps3=55 eps6=174
[06:49:07]   side=22 seed=34 curved   gossip  eps3=2150 eps6=5691
[06:49:07]   side=22 seed=34 shuffled heat    eps3=94 eps6=231
[06:49:07]   side=22 seed=34 shuffled pushsum eps3=73 eps6=177
[06:49:07]   side=22 seed=34 shuffled gossip  eps3=1049 eps6=3417
[06:49:07]   side=22 seed=34 rreg4    heat    eps3=63 eps6=151
[06:49:07]   side=22 seed=34 rreg4    pushsum eps3=38 eps6=93
[06:49:07]   side=22 seed=34 rreg4    gossip  eps3=38 eps6=93
[06:49:14] side=22 seed=35: built in 6.53s (edges flat=924 curved=924)
[06:49:14]   side=22 seed=35 flat     heat    eps3=1362 eps6=3891
[06:49:14]   side=22 seed=35 flat     pushsum eps3=897 eps6=2499
[06:49:14]   side=22 seed=35 flat     gossip  eps3=925 eps6=2581
[06:49:14]   side=22 seed=35 curved   heat    eps3=182 eps6=442
[06:49:14]   side=22 seed=35 curved   pushsum eps3=127 eps6=305
[06:49:14]   side=22 seed=35 curved   gossip  eps3=1351 eps6=3791
[06:49:14]   side=22 seed=35 shuffled heat    eps3=87 eps6=231
[06:49:14]   side=22 seed=35 shuffled pushsum eps3=68 eps6=184
[06:49:14]   side=22 seed=35 shuffled gossip  eps3=588 eps6=1532
[06:49:15]   side=22 seed=35 rreg4    heat    eps3=65 eps6=153
[06:49:15]   side=22 seed=35 rreg4    pushsum eps3=40 eps6=94
[06:49:15]   side=22 seed=35 rreg4    gossip  eps3=40 eps6=94
[06:49:21] side=22 seed=36: built in 6.65s (edges flat=924 curved=926)
[06:49:21]   side=22 seed=36 flat     heat    eps3=1525 eps6=4053
[06:49:22]   side=22 seed=36 flat     pushsum eps3=954 eps6=2556
[06:49:22]   side=22 seed=36 flat     gossip  eps3=983 eps6=2639
[06:49:22]   side=22 seed=36 curved   heat    eps3=98 eps6=254
[06:49:22]   side=22 seed=36 curved   pushsum eps3=89 eps6=224
[06:49:22]   side=22 seed=36 curved   gossip  eps3=1676 eps6=4278
[06:49:22]   side=22 seed=36 shuffled heat    eps3=96 eps6=269
[06:49:22]   side=22 seed=36 shuffled pushsum eps3=76 eps6=197
[06:49:22]   side=22 seed=36 shuffled gossip  eps3=428 eps6=1597
[06:49:22]   side=22 seed=36 rreg4    heat    eps3=56 eps6=140
[06:49:22]   side=22 seed=36 rreg4    pushsum eps3=34 eps6=86
[06:49:22]   side=22 seed=36 rreg4    gossip  eps3=34 eps6=86
[06:49:29] side=22 seed=37: built in 6.51s (edges flat=924 curved=924)
[06:49:29]   side=22 seed=37 flat     heat    eps3=1312 eps6=3841
[06:49:29]   side=22 seed=37 flat     pushsum eps3=846 eps6=2448
[06:49:29]   side=22 seed=37 flat     gossip  eps3=870 eps6=2526
[06:49:29]   side=22 seed=37 curved   heat    eps3=104 eps6=251
[06:49:29]   side=22 seed=37 curved   pushsum eps3=89 eps6=212
[06:49:29]   side=22 seed=37 curved   gossip  eps3=3234 eps6=7566
[06:49:30]   side=22 seed=37 shuffled heat    eps3=87 eps6=248
[06:49:30]   side=22 seed=37 shuffled pushsum eps3=55 eps6=141
[06:49:30]   side=22 seed=37 shuffled gossip  eps3=1828 eps6=4715
[06:49:30]   side=22 seed=37 rreg4    heat    eps3=68 eps6=162
[06:49:30]   side=22 seed=37 rreg4    pushsum eps3=42 eps6=99
[06:49:30]   side=22 seed=37 rreg4    gossip  eps3=42 eps6=99
[06:49:37] side=22 seed=38: built in 7.02s (edges flat=924 curved=925)
[06:49:37]   side=22 seed=38 flat     heat    eps3=1153 eps6=3681
[06:49:37]   side=22 seed=38 flat     pushsum eps3=753 eps6=2355
[06:49:37]   side=22 seed=38 flat     gossip  eps3=777 eps6=2433
[06:49:37]   side=22 seed=38 curved   heat    eps3=126 eps6=311
[06:49:37]   side=22 seed=38 curved   pushsum eps3=101 eps6=223
[06:49:37]   side=22 seed=38 curved   gossip  eps3=933 eps6=2262
[06:49:37]   side=22 seed=38 shuffled heat    eps3=75 eps6=200
[06:49:38]   side=22 seed=38 shuffled pushsum eps3=58 eps6=157
[06:49:38]   side=22 seed=38 shuffled gossip  eps3=672 eps6=2005
[06:49:38]   side=22 seed=38 rreg4    heat    eps3=59 eps6=142
[06:49:38]   side=22 seed=38 rreg4    pushsum eps3=36 eps6=87
[06:49:38]   side=22 seed=38 rreg4    gossip  eps3=36 eps6=87
[06:49:44] side=22 seed=39: built in 6.02s (edges flat=924 curved=926)
[06:49:44]   side=22 seed=39 flat     heat    eps3=1089 eps6=3613
[06:49:44]   side=22 seed=39 flat     pushsum eps3=668 eps6=2264
[06:49:44]   side=22 seed=39 flat     gossip  eps3=683 eps6=2333
[06:49:44]   side=22 seed=39 curved   heat    eps3=111 eps6=301
[06:49:44]   side=22 seed=39 curved   pushsum eps3=97 eps6=246
[06:49:44]   side=22 seed=39 curved   gossip  eps3=863 eps6=2982
[06:49:44]   side=22 seed=39 shuffled heat    eps3=96 eps6=232
[06:49:44]   side=22 seed=39 shuffled pushsum eps3=82 eps6=190
[06:49:44]   side=22 seed=39 shuffled gossip  eps3=1096 eps6=3313
[06:49:44]   side=22 seed=39 rreg4    heat    eps3=59 eps6=140
[06:49:44]   side=22 seed=39 rreg4    pushsum eps3=36 eps6=85
[06:49:44]   side=22 seed=39 rreg4    gossip  eps3=36 eps6=85
[06:49:51] side=22 seed=40: built in 6.32s (edges flat=924 curved=924)
[06:49:51]   side=22 seed=40 flat     heat    eps3=1436 eps6=3965
[06:49:51]   side=22 seed=40 flat     pushsum eps3=931 eps6=2532
[06:49:51]   side=22 seed=40 flat     gossip  eps3=958 eps6=2614
[06:49:51]   side=22 seed=40 curved   heat    eps3=171 eps6=424
[06:49:51]   side=22 seed=40 curved   pushsum eps3=135 eps6=328
[06:49:51]   side=22 seed=40 curved   gossip  eps3=1553 eps6=4079
[06:49:51]   side=22 seed=40 shuffled heat    eps3=97 eps6=238
[06:49:52]   side=22 seed=40 shuffled pushsum eps3=77 eps6=189
[06:49:52]   side=22 seed=40 shuffled gossip  eps3=493 eps6=1644
[06:49:52]   side=22 seed=40 rreg4    heat    eps3=53 eps6=133
[06:49:52]   side=22 seed=40 rreg4    pushsum eps3=32 eps6=81
[06:49:52]   side=22 seed=40 rreg4    gossip  eps3=32 eps6=81
[06:49:59] side=22 seed=41: built in 6.88s (edges flat=924 curved=925)
[06:49:59]   side=22 seed=41 flat     heat    eps3=1734 eps6=4263
[06:49:59]   side=22 seed=41 flat     pushsum eps3=1107 eps6=2709
[06:49:59]   side=22 seed=41 flat     gossip  eps3=1142 eps6=2798
[06:49:59]   side=22 seed=41 curved   heat    eps3=102 eps6=269
[06:49:59]   side=22 seed=41 curved   pushsum eps3=79 eps6=219
[06:49:59]   side=22 seed=41 curved   gossip  eps3=3522 eps6=9063
[06:49:59]   side=22 seed=41 shuffled heat    eps3=74 eps6=232
[06:49:59]   side=22 seed=41 shuffled pushsum eps3=65 eps6=208
[06:50:00]   side=22 seed=41 shuffled gossip  eps3=1703 eps6=7249
[06:50:00]   side=22 seed=41 rreg4    heat    eps3=65 eps6=158
[06:50:00]   side=22 seed=41 rreg4    pushsum eps3=40 eps6=97
[06:50:00]   side=22 seed=41 rreg4    gossip  eps3=40 eps6=97
[06:50:28] side=32 seed=30: built in 27.83s (edges flat=1984 curved=1988)
[06:50:28]   side=32 seed=30 flat     heat    eps3=2718 eps6=8186
[06:50:28]   side=32 seed=30 flat     pushsum eps3=1693 eps6=5142
[06:50:28]   side=32 seed=30 flat     gossip  eps3=1725 eps6=5253
[06:50:29]   side=32 seed=30 curved   heat    eps3=173 eps6=496
[06:50:29]   side=32 seed=30 curved   pushsum eps3=130 eps6=329
[06:50:29]   side=32 seed=30 curved   gossip  eps3=2680 eps6=7724
[06:50:29]   side=32 seed=30 shuffled heat    eps3=72 eps6=177
[06:50:29]   side=32 seed=30 shuffled pushsum eps3=61 eps6=155
[06:50:29]   side=32 seed=30 shuffled gossip  eps3=1686 eps6=5741
[06:50:29]   side=32 seed=30 rreg4    heat    eps3=62 eps6=153
[06:50:29]   side=32 seed=30 rreg4    pushsum eps3=38 eps6=94
[06:50:29]   side=32 seed=30 rreg4    gossip  eps3=38 eps6=94
[06:50:58] side=32 seed=31: built in 28.92s (edges flat=1984 curved=1987)
[06:50:59]   side=32 seed=31 flat     heat    eps3=3492 eps6=8960
[06:50:59]   side=32 seed=31 flat     pushsum eps3=2181 eps6=5630
[06:50:59]   side=32 seed=31 flat     gossip  eps3=2224 eps6=5752
[06:51:00]   side=32 seed=31 curved   heat    eps3=218 eps6=608
[06:51:00]   side=32 seed=31 curved   pushsum eps3=133 eps6=376
[06:51:00]   side=32 seed=31 curved   gossip  eps3=2417 eps6=7996
[06:51:00]   side=32 seed=31 shuffled heat    eps3=82 eps6=282
[06:51:00]   side=32 seed=31 shuffled pushsum eps3=88 eps6=250
[06:51:00]   side=32 seed=31 shuffled gossip  eps3=1357 eps6=4382
[06:51:01]   side=32 seed=31 rreg4    heat    eps3=61 eps6=154
[06:51:01]   side=32 seed=31 rreg4    pushsum eps3=38 eps6=94
[06:51:01]   side=32 seed=31 rreg4    gossip  eps3=38 eps6=94
[06:51:30] side=32 seed=32: built in 29.39s (edges flat=1984 curved=1987)
[06:51:30]   side=32 seed=32 flat     heat    eps3=2780 eps6=8249
[06:51:31]   side=32 seed=32 flat     pushsum eps3=1787 eps6=5236
[06:51:31]   side=32 seed=32 flat     gossip  eps3=1824 eps6=5352
[06:51:31]   side=32 seed=32 curved   heat    eps3=122 eps6=321
[06:51:31]   side=32 seed=32 curved   pushsum eps3=93 eps6=229
[06:51:31]   side=32 seed=32 curved   gossip  eps3=3631 eps6=9674
[06:51:31]   side=32 seed=32 shuffled heat    eps3=85 eps6=236
[06:51:31]   side=32 seed=32 shuffled pushsum eps3=79 eps6=199
[06:51:32]   side=32 seed=32 shuffled gossip  eps3=1058 eps6=3733
[06:51:32]   side=32 seed=32 rreg4    heat    eps3=65 eps6=163
[06:51:32]   side=32 seed=32 rreg4    pushsum eps3=40 eps6=100
[06:51:32]   side=32 seed=32 rreg4    gossip  eps3=40 eps6=100
[06:52:03] side=32 seed=33: built in 30.94s (edges flat=1984 curved=1986)
[06:52:03]   side=32 seed=33 flat     heat    eps3=2953 eps6=8422
[06:52:03]   side=32 seed=33 flat     pushsum eps3=1934 eps6=5384
[06:52:04]   side=32 seed=33 flat     gossip  eps3=1972 eps6=5500
[06:52:04]   side=32 seed=33 curved   heat    eps3=114 eps6=290
[06:52:04]   side=32 seed=33 curved   pushsum eps3=98 eps6=241
[06:52:04]   side=32 seed=33 curved   gossip  eps3=5550 eps6=14655
[06:52:04]   side=32 seed=33 shuffled heat    eps3=84 eps6=222
[06:52:04]   side=32 seed=33 shuffled pushsum eps3=75 eps6=184
[06:52:05]   side=32 seed=33 shuffled gossip  eps3=2962 eps6=7584
[06:52:05]   side=32 seed=33 rreg4    heat    eps3=63 eps6=159
[06:52:05]   side=32 seed=33 rreg4    pushsum eps3=38 eps6=97
[06:52:05]   side=32 seed=33 rreg4    gossip  eps3=38 eps6=97
[06:52:37] side=32 seed=34: built in 31.79s (edges flat=1984 curved=1986)
[06:52:37]   side=32 seed=34 flat     heat    eps3=2891 eps6=8359
[06:52:37]   side=32 seed=34 flat     pushsum eps3=1839 eps6=5289
[06:52:37]   side=32 seed=34 flat     gossip  eps3=1875 eps6=5403
[06:52:38]   side=32 seed=34 curved   heat    eps3=166 eps6=458
[06:52:38]   side=32 seed=34 curved   pushsum eps3=125 eps6=326
[06:52:38]   side=32 seed=34 curved   gossip  eps3=5561 eps6=14622
[06:52:38]   side=32 seed=34 shuffled heat    eps3=71 eps6=189
[06:52:38]   side=32 seed=34 shuffled pushsum eps3=63 eps6=158
[06:52:39]   side=32 seed=34 shuffled gossip  eps3=1961 eps6=5720
[06:52:39]   side=32 seed=34 rreg4    heat    eps3=61 eps6=147
[06:52:39]   side=32 seed=34 rreg4    pushsum eps3=37 eps6=90
[06:52:39]   side=32 seed=34 rreg4    gossip  eps3=37 eps6=90
[06:53:09] side=32 seed=35: built in 30.52s (edges flat=1984 curved=1988)
[06:53:10]   side=32 seed=35 flat     heat    eps3=2368 eps6=7835
[06:53:10]   side=32 seed=35 flat     pushsum eps3=1496 eps6=4945
[06:53:10]   side=32 seed=35 flat     gossip  eps3=1522 eps6=5049
[06:53:10]   side=32 seed=35 curved   heat    eps3=128 eps6=379
[06:53:10]   side=32 seed=35 curved   pushsum eps3=119 eps6=334
[06:53:11]   side=32 seed=35 curved   gossip  eps3=5720 eps6=15292
[06:53:11]   side=32 seed=35 shuffled heat    eps3=93 eps6=271
[06:53:11]   side=32 seed=35 shuffled pushsum eps3=79 eps6=220
[06:53:11]   side=32 seed=35 shuffled gossip  eps3=3139 eps6=9766
[06:53:12]   side=32 seed=35 rreg4    heat    eps3=60 eps6=151
[06:53:12]   side=32 seed=35 rreg4    pushsum eps3=37 eps6=93
[06:53:12]   side=32 seed=35 rreg4    gossip  eps3=37 eps6=93
[06:53:41] side=32 seed=36: built in 29.51s (edges flat=1984 curved=1988)
[06:53:42]   side=32 seed=36 flat     heat    eps3=2926 eps6=8394
[06:53:42]   side=32 seed=36 flat     pushsum eps3=1870 eps6=5319
[06:53:42]   side=32 seed=36 flat     gossip  eps3=1907 eps6=5435
[06:53:42]   side=32 seed=36 curved   heat    eps3=161 eps6=449
[06:53:42]   side=32 seed=36 curved   pushsum eps3=118 eps6=297
[06:53:43]   side=32 seed=36 curved   gossip  eps3=4968 eps6=12555
[06:53:43]   side=32 seed=36 shuffled heat    eps3=67 eps6=172
[06:53:43]   side=32 seed=36 shuffled pushsum eps3=59 eps6=166
[06:53:43]   side=32 seed=36 shuffled gossip  eps3=2248 eps6=7036
[06:53:43]   side=32 seed=36 rreg4    heat    eps3=61 eps6=150
[06:53:43]   side=32 seed=36 rreg4    pushsum eps3=37 eps6=92
[06:53:43]   side=32 seed=36 rreg4    gossip  eps3=37 eps6=92
[06:54:16] side=32 seed=37: built in 32.75s (edges flat=1984 curved=1986)
[06:54:17]   side=32 seed=37 flat     heat    eps3=3470 eps6=8939
[06:54:17]   side=32 seed=37 flat     pushsum eps3=2187 eps6=5636
[06:54:17]   side=32 seed=37 flat     gossip  eps3=2229 eps6=5757
[06:54:17]   side=32 seed=37 curved   heat    eps3=147 eps6=400
[06:54:17]   side=32 seed=37 curved   pushsum eps3=114 eps6=277
[06:54:18]   side=32 seed=37 curved   gossip  eps3=7388 eps6=17444
[06:54:18]   side=32 seed=37 shuffled heat    eps3=77 eps6=217
[06:54:18]   side=32 seed=37 shuffled pushsum eps3=67 eps6=187
[06:54:18]   side=32 seed=37 shuffled gossip  eps3=3141 eps6=8151
[06:54:19]   side=32 seed=37 rreg4    heat    eps3=63 eps6=151
[06:54:19]   side=32 seed=37 rreg4    pushsum eps3=38 eps6=92
[06:54:19]   side=32 seed=37 rreg4    gossip  eps3=38 eps6=92
[06:54:49] side=32 seed=38: built in 30.14s (edges flat=1984 curved=1988)
[06:54:49]   side=32 seed=38 flat     heat    eps3=2771 eps6=8239
[06:54:49]   side=32 seed=38 flat     pushsum eps3=1751 eps6=5201
[06:54:50]   side=32 seed=38 flat     gossip  eps3=1787 eps6=5315
[06:54:50]   side=32 seed=38 curved   heat    eps3=175 eps6=451
[06:54:50]   side=32 seed=38 curved   pushsum eps3=124 eps6=299
[06:54:50]   side=32 seed=38 curved   gossip  eps3=4845 eps6=12557
[06:54:50]   side=32 seed=38 shuffled heat    eps3=88 eps6=236
[06:54:50]   side=32 seed=38 shuffled pushsum eps3=68 eps6=170
[06:54:51]   side=32 seed=38 shuffled gossip  eps3=2096 eps6=5824
[06:54:51]   side=32 seed=38 rreg4    heat    eps3=63 eps6=152
[06:54:51]   side=32 seed=38 rreg4    pushsum eps3=38 eps6=93
[06:54:51]   side=32 seed=38 rreg4    gossip  eps3=38 eps6=93
[06:55:21] side=32 seed=39: built in 30.43s (edges flat=1984 curved=1988)
[06:55:22]   side=32 seed=39 flat     heat    eps3=3092 eps6=8561
[06:55:22]   side=32 seed=39 flat     pushsum eps3=1944 eps6=5394
[06:55:22]   side=32 seed=39 flat     gossip  eps3=1983 eps6=5511
[06:55:22]   side=32 seed=39 curved   heat    eps3=124 eps6=396
[06:55:22]   side=32 seed=39 curved   pushsum eps3=104 eps6=316
[06:55:23]   side=32 seed=39 curved   gossip  eps3=5261 eps6=15159
[06:55:23]   side=32 seed=39 shuffled heat    eps3=66 eps6=175
[06:55:23]   side=32 seed=39 shuffled pushsum eps3=60 eps6=158
[06:55:23]   side=32 seed=39 shuffled gossip  eps3=2209 eps6=6458
[06:55:24]   side=32 seed=39 rreg4    heat    eps3=61 eps6=147
[06:55:24]   side=32 seed=39 rreg4    pushsum eps3=37 eps6=90
[06:55:24]   side=32 seed=39 rreg4    gossip  eps3=37 eps6=90
[06:55:52] side=32 seed=40: built in 28.91s (edges flat=1984 curved=1985)
[06:55:53]   side=32 seed=40 flat     heat    eps3=2817 eps6=8286
[06:55:53]   side=32 seed=40 flat     pushsum eps3=1684 eps6=5134
[06:55:53]   side=32 seed=40 flat     gossip  eps3=1716 eps6=5244
[06:55:53]   side=32 seed=40 curved   heat    eps3=188 eps6=502
[06:55:53]   side=32 seed=40 curved   pushsum eps3=122 eps6=317
[06:55:54]   side=32 seed=40 curved   gossip  eps3=2746 eps6=7210
[06:55:54]   side=32 seed=40 shuffled heat    eps3=95 eps6=301
[06:55:54]   side=32 seed=40 shuffled pushsum eps3=79 eps6=244
[06:55:54]   side=32 seed=40 shuffled gossip  eps3=1885 eps6=5781
[06:55:55]   side=32 seed=40 rreg4    heat    eps3=55 eps6=145
[06:55:55]   side=32 seed=40 rreg4    pushsum eps3=34 eps6=89
[06:55:55]   side=32 seed=40 rreg4    gossip  eps3=34 eps6=89
[06:56:24] side=32 seed=41: built in 29.74s (edges flat=1984 curved=1987)
[06:56:25]   side=32 seed=41 flat     heat    eps3=2376 eps6=7844
[06:56:25]   side=32 seed=41 flat     pushsum eps3=1394 eps6=4842
[06:56:25]   side=32 seed=41 flat     gossip  eps3=1420 eps6=4947
[06:56:25]   side=32 seed=41 curved   heat    eps3=133 eps6=337
[06:56:25]   side=32 seed=41 curved   pushsum eps3=110 eps6=253
[06:56:26]   side=32 seed=41 curved   gossip  eps3=7350 eps6=18721
[06:56:26]   side=32 seed=41 shuffled heat    eps3=77 eps6=191
[06:56:26]   side=32 seed=41 shuffled pushsum eps3=63 eps6=150
[06:56:26]   side=32 seed=41 shuffled gossip  eps3=2911 eps6=8019
[06:56:26]   side=32 seed=41 rreg4    heat    eps3=62 eps6=149
[06:56:26]   side=32 seed=41 rreg4    pushsum eps3=38 eps6=91
[06:56:26]   side=32 seed=41 rreg4    gossip  eps3=38 eps6=91
[06:56:26] sweep complete
